<html>
<body>
<pre>
<h1>µVision Build Log</h1>
<h2>Project:</h2>
C:\Users\Administrator\Documents\GitHub\double_gong_bu\AF1_lib\USER\UCOSII-2.uvproj
Project File Date:  03/10/2014

<h2>Output:</h2>
Build target 'Target 1'
compiling main.c...
main.c(625): warning:  #177-D: variable "warning_flag" was declared but never referenced
compiling stm32f10x_it.c...
compiling system_stm32f10x.c...
compiling led.c...
compiling myiic.c...
compiling 24cxx.c...
compiling adc.c...
compiling rs485.c...
compiling ht1621.c...
compiling key.c...
..\HARDWARE\KEY\key.c(154): error:  #20: identifier "tempshuzhi2" is undefined
..\HARDWARE\KEY\key.c(285): error:  #20: identifier "tempshuzhi2" is undefined
compiling lcd.c...
compiling wdg.c...
compiling delay.c...
compiling sys.c...
compiling usart.c...
compiling misc.c...
compiling stm32f10x_fsmc.c...
compiling stm32f10x_gpio.c...
compiling stm32f10x_rcc.c...
compiling stm32f10x_spi.c...
compiling stm32f10x_usart.c...
compiling stm32f10x_adc.c...
compiling stm32f10x_dac.c...
compiling stm32f10x_dbgmcu.c...
compiling stm32f10x_dma.c...
compiling stm32f10x_exti.c...
compiling stm32f10x_flash.c...
compiling stm32f10x_i2c.c...
compiling stm32f10x_iwdg.c...
compiling stm32f10x_pwr.c...
compiling stm32f10x_rtc.c...
compiling stm32f10x_sdio.c...
compiling stm32f10x_tim.c...
compiling stm32f10x_wwdg.c...
compiling 485ANN.c...
compiling os_core.c...
compiling os_flag.c...
compiling os_mbox.c...
compiling os_mem.c...
compiling os_mutex.c...
compiling os_q.c...
compiling os_sem.c...
compiling os_task.c...
compiling os_time.c...
compiling os_tmr.c...
compiling os_cpu_c.c...
compiling os_dbg.c...
compiling iir_stm32.c...
compiling PID_C_stm32.c...
Target not created
Build target 'Target 1'
compiling main.c...
main.c(625): warning:  #177-D: variable "warning_flag" was declared but never referenced
compiling key.c...
..\HARDWARE\KEY\key.c(154): error:  #20: identifier "tempshuzhi2" is undefined
..\HARDWARE\KEY\key.c(285): error:  #20: identifier "tempshuzhi2" is undefined
Target not created
Build target 'Target 1'
compiling key.c...
linking...
Program Size: Code=54770 RO-data=1046 RW-data=368 ZI-data=13832  
FromELF: creating hex file...
"..\OBJ\UCOSII-2.axf" - 0 Error(s), 0 Warning(s).
Rebuild target 'Target 1'
compiling main.c...
main.c(625): warning:  #177-D: variable "warning_flag" was declared but never referenced
compiling stm32f10x_it.c...
compiling system_stm32f10x.c...
compiling led.c...
compiling myiic.c...
compiling 24cxx.c...
compiling adc.c...
compiling rs485.c...
compiling ht1621.c...
compiling key.c...
compiling lcd.c...
compiling wdg.c...
compiling delay.c...
compiling sys.c...
compiling usart.c...
compiling core_cm3.c...
assembling startup_stm32f10x_hd.s...
compiling misc.c...
compiling stm32f10x_fsmc.c...
compiling stm32f10x_gpio.c...
compiling stm32f10x_rcc.c...
compiling stm32f10x_spi.c...
compiling stm32f10x_usart.c...
compiling stm32f10x_adc.c...
compiling stm32f10x_dac.c...
compiling stm32f10x_dbgmcu.c...
compiling stm32f10x_dma.c...
compiling stm32f10x_exti.c...
compiling stm32f10x_flash.c...
compiling stm32f10x_i2c.c...
compiling stm32f10x_iwdg.c...
compiling stm32f10x_pwr.c...
compiling stm32f10x_rtc.c...
compiling stm32f10x_sdio.c...
compiling stm32f10x_tim.c...
compiling stm32f10x_wwdg.c...
compiling 485ANN.c...
compiling os_core.c...
compiling os_flag.c...
compiling os_mbox.c...
compiling os_mem.c...
compiling os_mutex.c...
compiling os_q.c...
compiling os_sem.c...
compiling os_task.c...
compiling os_time.c...
compiling os_tmr.c...
assembling os_cpu_a.asm...
compiling os_cpu_c.c...
compiling os_dbg.c...
compiling iir_stm32.c...
compiling PID_C_stm32.c...
assembling cr4_fft_64_stm32.s...
assembling cr4_fft_256_stm32.s...
assembling cr4_fft_1024_stm32.s...
assembling fir_stm32.s...
assembling iirarma_stm32.s...
assembling PID_stm32.s...
linking...
Program Size: Code=54770 RO-data=1046 RW-data=368 ZI-data=13832  
FromELF: creating hex file...
"..\OBJ\UCOSII-2.axf" - 0 Error(s), 1 Warning(s).
Load "..\\OBJ\\UCOSII-2.AXF" 
* JLink Info: Device "STM32F103CB" selected (128 KB flash, 20 KB RAM).
Set JLink Project File to "C:\Users\Administrator\Documents\GitHub\double_gong_bu\AF1_lib\USER\JLinkSettings.ini"
 
JLink info:
------------
DLL: V4.40c, compiled Jan 24 2012 09:30:33
Firmware: J-Link ARM-OB STM32 compiled Aug 22 2012 19:52:04
Hardware: V7.00
S/N : 20141017 
Feature(s) : RDI,FlashDL,FlashBP,JFlash,GDBFull 
 
* JLink Info: Found SWD-DP with ID 0x1BA01477
* JLink Info: TPIU fitted.
* JLink Info:   FPUnit: 6 code (BP) slots and 2 literal slots
* JLink Info: Found Cortex-M3 r1p1, Little endian.
ROMTableAddr = 0xE00FF003
* JLink Info: Found SWD-DP with ID 0x1BA01477
* JLink Info: TPIU fitted.
* JLink Info:   FPUnit: 6 code (BP) slots and 2 literal slots
* JLink Info: Found Cortex-M3 r1p1, Little endian.
 
Target info:
------------
Device: STM32F103CB
VTarget = 3.300V
State of Pins: 
TCK: 0, TDI: 0, TDO: 1, TMS: 0, TRES: 1, TRST: 1
Hardware-Breakpoints: 6
Software-Breakpoints: 8192
Watchpoints:          4
JTAG speed: 2000 kHz
 
Erase Done.
Programming Done.
Verify OK.
* JLink Info: Found SWD-DP with ID 0x1BA01477
* JLink Info: TPIU fitted.
* JLink Info:   FPUnit: 6 code (BP) slots and 2 literal slots
* JLink Info: Found Cortex-M3 r1p1, Little endian.
Application running ...
Build target 'Target 1'
compiling main.c...
main.c(625): warning:  #177-D: variable "warning_flag" was declared but never referenced
compiling ht1621.c...
linking...
Program Size: Code=54798 RO-data=1042 RW-data=368 ZI-data=13832  
FromELF: creating hex file...
"..\OBJ\UCOSII-2.axf" - 0 Error(s), 1 Warning(s).
Load "..\\OBJ\\UCOSII-2.AXF" 
* JLink Info: Device "STM32F103CB" selected (128 KB flash, 20 KB RAM).
Set JLink Project File to "C:\Users\Administrator\Documents\GitHub\double_gong_bu\AF1_lib\USER\JLinkSettings.ini"
 
JLink info:
------------
DLL: V4.40c, compiled Jan 24 2012 09:30:33
Firmware: J-Link ARM-OB STM32 compiled Aug 22 2012 19:52:04
Hardware: V7.00
S/N : 20141017 
Feature(s) : RDI,FlashDL,FlashBP,JFlash,GDBFull 
 
* JLink Info: Found SWD-DP with ID 0x1BA01477
* JLink Info: TPIU fitted.
* JLink Info:   FPUnit: 6 code (BP) slots and 2 literal slots
* JLink Info: Found Cortex-M3 r1p1, Little endian.
ROMTableAddr = 0xE00FF003
* JLink Info: Found SWD-DP with ID 0x1BA01477
* JLink Info: TPIU fitted.
* JLink Info:   FPUnit: 6 code (BP) slots and 2 literal slots
* JLink Info: Found Cortex-M3 r1p1, Little endian.
 
Target info:
------------
Device: STM32F103CB
VTarget = 3.300V
State of Pins: 
TCK: 0, TDI: 0, TDO: 1, TMS: 0, TRES: 1, TRST: 1
Hardware-Breakpoints: 6
Software-Breakpoints: 8192
Watchpoints:          4
JTAG speed: 2000 kHz
 
Erase Done.
Programming Done.
Verify OK.
* JLink Info: Found SWD-DP with ID 0x1BA01477
* JLink Info: TPIU fitted.
* JLink Info:   FPUnit: 6 code (BP) slots and 2 literal slots
* JLink Info: Found Cortex-M3 r1p1, Little endian.
Application running ...
Build target 'Target 1'
compiling main.c...
main.c(625): warning:  #177-D: variable "warning_flag" was declared but never referenced
linking...
Program Size: Code=54798 RO-data=1042 RW-data=368 ZI-data=13832  
FromELF: creating hex file...
"..\OBJ\UCOSII-2.axf" - 0 Error(s), 1 Warning(s).
Build target 'Target 1'
compiling ht1621.c...
linking...
Program Size: Code=54806 RO-data=1042 RW-data=368 ZI-data=13832  
FromELF: creating hex file...
"..\OBJ\UCOSII-2.axf" - 0 Error(s), 0 Warning(s).
Load "..\\OBJ\\UCOSII-2.AXF" 
Load "..\\OBJ\\UCOSII-2.AXF" 
* JLink Info: Device "STM32F103CB" selected (128 KB flash, 20 KB RAM).
Set JLink Project File to "C:\Users\Administrator\Documents\GitHub\double_gong_bu\AF1_lib\USER\JLinkSettings.ini"
 
JLink info:
------------
DLL: V4.40c, compiled Jan 24 2012 09:30:33
Firmware: J-Link ARM-OB STM32 compiled Aug 22 2012 19:52:04
Hardware: V7.00
S/N : 20141017 
Feature(s) : RDI,FlashDL,FlashBP,JFlash,GDBFull 
 
* JLink Info: Found SWD-DP with ID 0x1BA01477
* JLink Info: TPIU fitted.
* JLink Info:   FPUnit: 6 code (BP) slots and 2 literal slots
* JLink Info: Found Cortex-M3 r1p1, Little endian.
ROMTableAddr = 0xE00FF003
* JLink Info: Found SWD-DP with ID 0x1BA01477
* JLink Info: TPIU fitted.
* JLink Info:   FPUnit: 6 code (BP) slots and 2 literal slots
* JLink Info: Found Cortex-M3 r1p1, Little endian.
 
Target info:
------------
Device: STM32F103CB
VTarget = 3.300V
State of Pins: 
TCK: 0, TDI: 0, TDO: 1, TMS: 0, TRES: 1, TRST: 1
Hardware-Breakpoints: 6
Software-Breakpoints: 8192
Watchpoints:          4
JTAG speed: 2000 kHz
 
Erase Done.
Programming Done.
Verify OK.
* JLink Info: Found SWD-DP with ID 0x1BA01477
* JLink Info: TPIU fitted.
* JLink Info:   FPUnit: 6 code (BP) slots and 2 literal slots
* JLink Info: Found Cortex-M3 r1p1, Little endian.
Application running ...
